
===========================================================================
report_checks -path_delay min (Hold)
============================================================================
Startpoint: _7736_ (rising edge-triggered flip-flop clocked by CLK)
Endpoint: _7736_ (rising edge-triggered flip-flop clocked by CLK)
Path Group: CLK
Path Type: min

Fanout     Cap    Slew   Delay    Time   Description
-----------------------------------------------------------------------------
                  0.10    0.00    0.00   clock CLK (rise edge)
                          0.00    0.00   clock network delay (ideal)
                  0.10    0.00    0.00 ^ _7736_/CLK (sky130_fd_sc_hd__dfxtp_2)
                  0.04    0.33    0.33 ^ _7736_/Q (sky130_fd_sc_hd__dfxtp_2)
     2    0.01                           link3.x_stage3_real_7[9] (net)
                  0.04    0.00    0.33 ^ _6939_/A2 (sky130_fd_sc_hd__o211a_2)
                  0.04    0.15    0.48 ^ _6939_/X (sky130_fd_sc_hd__o211a_2)
     1    0.00                           _0486_ (net)
                  0.04    0.00    0.48 ^ _7736_/D (sky130_fd_sc_hd__dfxtp_2)
                                  0.48   data arrival time

                  0.10    0.00    0.00   clock CLK (rise edge)
                          0.00    0.00   clock network delay (ideal)
                          0.20    0.20   clock uncertainty
                          0.00    0.20   clock reconvergence pessimism
                                  0.20 ^ _7736_/CLK (sky130_fd_sc_hd__dfxtp_2)
                         -0.02    0.18   library hold time
                                  0.18   data required time
-----------------------------------------------------------------------------
                                  0.18   data required time
                                 -0.48   data arrival time
-----------------------------------------------------------------------------
                                  0.30   slack (MET)


Startpoint: _7686_ (rising edge-triggered flip-flop clocked by CLK)
Endpoint: _7686_ (rising edge-triggered flip-flop clocked by CLK)
Path Group: CLK
Path Type: min

Fanout     Cap    Slew   Delay    Time   Description
-----------------------------------------------------------------------------
                  0.10    0.00    0.00   clock CLK (rise edge)
                          0.00    0.00   clock network delay (ideal)
                  0.10    0.00    0.00 ^ _7686_/CLK (sky130_fd_sc_hd__dfxtp_2)
                  0.04    0.33    0.33 ^ _7686_/Q (sky130_fd_sc_hd__dfxtp_2)
     2    0.01                           link3.x_stage3_image_4[6] (net)
                  0.04    0.00    0.33 ^ _6646_/A2 (sky130_fd_sc_hd__o211a_2)
                  0.04    0.15    0.48 ^ _6646_/X (sky130_fd_sc_hd__o211a_2)
     1    0.00                           _0436_ (net)
                  0.04    0.00    0.48 ^ _7686_/D (sky130_fd_sc_hd__dfxtp_2)
                                  0.48   data arrival time

                  0.10    0.00    0.00   clock CLK (rise edge)
                          0.00    0.00   clock network delay (ideal)
                          0.20    0.20   clock uncertainty
                          0.00    0.20   clock reconvergence pessimism
                                  0.20 ^ _7686_/CLK (sky130_fd_sc_hd__dfxtp_2)
                         -0.02    0.18   library hold time
                                  0.18   data required time
-----------------------------------------------------------------------------
                                  0.18   data required time
                                 -0.48   data arrival time
-----------------------------------------------------------------------------
                                  0.30   slack (MET)


Startpoint: _7672_ (rising edge-triggered flip-flop clocked by CLK)
Endpoint: _7672_ (rising edge-triggered flip-flop clocked by CLK)
Path Group: CLK
Path Type: min

Fanout     Cap    Slew   Delay    Time   Description
-----------------------------------------------------------------------------
                  0.10    0.00    0.00   clock CLK (rise edge)
                          0.00    0.00   clock network delay (ideal)
                  0.10    0.00    0.00 ^ _7672_/CLK (sky130_fd_sc_hd__dfxtp_2)
                  0.04    0.33    0.33 ^ _7672_/Q (sky130_fd_sc_hd__dfxtp_2)
     2    0.01                           link3.x_stage3_image_5[4] (net)
                  0.04    0.00    0.33 ^ _6556_/A2 (sky130_fd_sc_hd__o211a_2)
                  0.04    0.15    0.48 ^ _6556_/X (sky130_fd_sc_hd__o211a_2)
     1    0.00                           _0422_ (net)
                  0.04    0.00    0.48 ^ _7672_/D (sky130_fd_sc_hd__dfxtp_2)
                                  0.48   data arrival time

                  0.10    0.00    0.00   clock CLK (rise edge)
                          0.00    0.00   clock network delay (ideal)
                          0.20    0.20   clock uncertainty
                          0.00    0.20   clock reconvergence pessimism
                                  0.20 ^ _7672_/CLK (sky130_fd_sc_hd__dfxtp_2)
                         -0.02    0.18   library hold time
                                  0.18   data required time
-----------------------------------------------------------------------------
                                  0.18   data required time
                                 -0.48   data arrival time
-----------------------------------------------------------------------------
                                  0.30   slack (MET)


Startpoint: _7652_ (rising edge-triggered flip-flop clocked by CLK)
Endpoint: _7652_ (rising edge-triggered flip-flop clocked by CLK)
Path Group: CLK
Path Type: min

Fanout     Cap    Slew   Delay    Time   Description
-----------------------------------------------------------------------------
                  0.10    0.00    0.00   clock CLK (rise edge)
                          0.00    0.00   clock network delay (ideal)
                  0.10    0.00    0.00 ^ _7652_/CLK (sky130_fd_sc_hd__dfxtp_2)
                  0.04    0.33    0.33 ^ _7652_/Q (sky130_fd_sc_hd__dfxtp_2)
     2    0.01                           link3.x_stage3_image_7[8] (net)
                  0.04    0.00    0.33 ^ _6430_/A2 (sky130_fd_sc_hd__o211a_2)
                  0.04    0.15    0.48 ^ _6430_/X (sky130_fd_sc_hd__o211a_2)
     1    0.00                           _0402_ (net)
                  0.04    0.00    0.48 ^ _7652_/D (sky130_fd_sc_hd__dfxtp_2)
                                  0.48   data arrival time

                  0.10    0.00    0.00   clock CLK (rise edge)
                          0.00    0.00   clock network delay (ideal)
                          0.20    0.20   clock uncertainty
                          0.00    0.20   clock reconvergence pessimism
                                  0.20 ^ _7652_/CLK (sky130_fd_sc_hd__dfxtp_2)
                         -0.02    0.18   library hold time
                                  0.18   data required time
-----------------------------------------------------------------------------
                                  0.18   data required time
                                 -0.48   data arrival time
-----------------------------------------------------------------------------
                                  0.30   slack (MET)


Startpoint: _7651_ (rising edge-triggered flip-flop clocked by CLK)
Endpoint: _7651_ (rising edge-triggered flip-flop clocked by CLK)
Path Group: CLK
Path Type: min

Fanout     Cap    Slew   Delay    Time   Description
-----------------------------------------------------------------------------
                  0.10    0.00    0.00   clock CLK (rise edge)
                          0.00    0.00   clock network delay (ideal)
                  0.10    0.00    0.00 ^ _7651_/CLK (sky130_fd_sc_hd__dfxtp_2)
                  0.04    0.33    0.33 ^ _7651_/Q (sky130_fd_sc_hd__dfxtp_2)
     2    0.01                           link3.x_stage3_image_7[7] (net)
                  0.04    0.00    0.33 ^ _6420_/A2 (sky130_fd_sc_hd__o211a_2)
                  0.04    0.15    0.48 ^ _6420_/X (sky130_fd_sc_hd__o211a_2)
     1    0.00                           _0401_ (net)
                  0.04    0.00    0.48 ^ _7651_/D (sky130_fd_sc_hd__dfxtp_2)
                                  0.48   data arrival time

                  0.10    0.00    0.00   clock CLK (rise edge)
                          0.00    0.00   clock network delay (ideal)
                          0.20    0.20   clock uncertainty
                          0.00    0.20   clock reconvergence pessimism
                                  0.20 ^ _7651_/CLK (sky130_fd_sc_hd__dfxtp_2)
                         -0.02    0.18   library hold time
                                  0.18   data required time
-----------------------------------------------------------------------------
                                  0.18   data required time
                                 -0.48   data arrival time
-----------------------------------------------------------------------------
                                  0.30   slack (MET)


