
===========================================================================
 report_check_types -max_slew -max_cap -max_fanout -violators
============================================================================
max slew

Pin                                    Limit    Slew   Slack
------------------------------------------------------------
_7405_/Q                                1.50    5.82   -4.31 (VIOLATED)
_7822_/X                                1.51    5.39   -3.88 (VIOLATED)
_7824_/X                                1.51    5.39   -3.88 (VIOLATED)
_7825_/X                                1.51    5.39   -3.88 (VIOLATED)
_7826_/X                                1.51    5.39   -3.88 (VIOLATED)
_7827_/X                                1.51    5.39   -3.88 (VIOLATED)
_7828_/X                                1.51    5.39   -3.88 (VIOLATED)
_7829_/X                                1.51    5.39   -3.88 (VIOLATED)
_7830_/X                                1.51    5.39   -3.88 (VIOLATED)
_7831_/X                                1.51    5.39   -3.88 (VIOLATED)
_7832_/X                                1.51    5.39   -3.88 (VIOLATED)
_7833_/X                                1.51    5.39   -3.88 (VIOLATED)
_7823_/X                                1.51    5.39   -3.88 (VIOLATED)
_7834_/X                                1.51    5.39   -3.88 (VIOLATED)
_7835_/X                                1.51    5.39   -3.88 (VIOLATED)
_3876_/A0                               1.50    5.00   -3.50 (VIOLATED)
_7823_/A                                1.50    5.00   -3.50 (VIOLATED)
_7834_/A                                1.50    5.00   -3.50 (VIOLATED)
_7835_/A                                1.50    5.00   -3.50 (VIOLATED)
_7320_/Q                                1.50    5.00   -3.50 (VIOLATED)
_3841_/A0                               1.50    4.99   -3.49 (VIOLATED)
_3844_/A0                               1.50    4.99   -3.49 (VIOLATED)
_3847_/A0                               1.50    4.99   -3.49 (VIOLATED)
_3851_/A0                               1.50    4.99   -3.49 (VIOLATED)
_3855_/A0                               1.50    4.99   -3.49 (VIOLATED)
_3858_/A0                               1.50    4.99   -3.49 (VIOLATED)
_3861_/A0                               1.50    4.99   -3.49 (VIOLATED)
_3864_/A0                               1.50    4.99   -3.49 (VIOLATED)
_3869_/A0                               1.50    4.99   -3.49 (VIOLATED)
_3873_/A0                               1.50    4.99   -3.49 (VIOLATED)
_3998_/A0                               1.50    4.99   -3.49 (VIOLATED)
_7822_/A                                1.50    4.99   -3.49 (VIOLATED)
_7824_/A                                1.50    4.99   -3.49 (VIOLATED)
_7825_/A                                1.50    4.99   -3.49 (VIOLATED)
_7826_/A                                1.50    4.99   -3.49 (VIOLATED)
_7827_/A                                1.50    4.99   -3.49 (VIOLATED)
_7828_/A                                1.50    4.99   -3.49 (VIOLATED)
_7829_/A                                1.50    4.99   -3.49 (VIOLATED)
_7830_/A                                1.50    4.99   -3.49 (VIOLATED)
_7831_/A                                1.50    4.99   -3.49 (VIOLATED)
_7832_/A                                1.50    4.99   -3.49 (VIOLATED)
_7833_/A                                1.50    4.99   -3.49 (VIOLATED)
_7310_/Q                                1.50    4.99   -3.48 (VIOLATED)
_7311_/Q                                1.50    4.99   -3.48 (VIOLATED)
_7312_/Q                                1.50    4.99   -3.48 (VIOLATED)
_7313_/Q                                1.50    4.99   -3.48 (VIOLATED)
_7314_/Q                                1.50    4.99   -3.48 (VIOLATED)
_7315_/Q                                1.50    4.99   -3.48 (VIOLATED)
_7316_/Q                                1.50    4.99   -3.48 (VIOLATED)
_7317_/Q                                1.50    4.99   -3.48 (VIOLATED)
_7318_/Q                                1.50    4.99   -3.48 (VIOLATED)
_7319_/Q                                1.50    4.99   -3.48 (VIOLATED)
_7355_/Q                                1.50    4.99   -3.48 (VIOLATED)
_3629_/A0                               1.50    4.98   -3.48 (VIOLATED)
_3632_/A0                               1.50    4.98   -3.48 (VIOLATED)
_3635_/A0                               1.50    4.98   -3.48 (VIOLATED)
_3641_/A0                               1.50    4.98   -3.48 (VIOLATED)
_3646_/A0                               1.50    4.98   -3.48 (VIOLATED)
_3649_/A0                               1.50    4.98   -3.48 (VIOLATED)
_3652_/A0                               1.50    4.98   -3.48 (VIOLATED)
_3655_/A0                               1.50    4.98   -3.48 (VIOLATED)
_3659_/A0                               1.50    4.98   -3.48 (VIOLATED)
_3663_/A0                               1.50    4.98   -3.48 (VIOLATED)
_3666_/A0                               1.50    4.98   -3.48 (VIOLATED)
_3669_/A0                               1.50    4.98   -3.48 (VIOLATED)
_3672_/A0                               1.50    4.98   -3.48 (VIOLATED)
_3676_/A0                               1.50    4.98   -3.48 (VIOLATED)
_3680_/A0                               1.50    4.98   -3.48 (VIOLATED)
_3683_/A0                               1.50    4.98   -3.48 (VIOLATED)
_3686_/A0                               1.50    4.98   -3.48 (VIOLATED)
_3689_/A0                               1.50    4.98   -3.48 (VIOLATED)
_3695_/A0                               1.50    4.98   -3.48 (VIOLATED)
_3699_/A0                               1.50    4.98   -3.48 (VIOLATED)
_3702_/A0                               1.50    4.98   -3.48 (VIOLATED)
_3705_/A0                               1.50    4.98   -3.48 (VIOLATED)
_3708_/A0                               1.50    4.98   -3.48 (VIOLATED)
_3712_/A0                               1.50    4.98   -3.48 (VIOLATED)
_3716_/A0                               1.50    4.98   -3.48 (VIOLATED)
_3719_/A0                               1.50    4.98   -3.48 (VIOLATED)
_3722_/A0                               1.50    4.98   -3.48 (VIOLATED)
_3725_/A0                               1.50    4.98   -3.48 (VIOLATED)
_3729_/A0                               1.50    4.98   -3.48 (VIOLATED)
_3734_/A0                               1.50    4.98   -3.48 (VIOLATED)
_3737_/A0                               1.50    4.98   -3.48 (VIOLATED)
_3740_/A0                               1.50    4.98   -3.48 (VIOLATED)
_3743_/A0                               1.50    4.98   -3.48 (VIOLATED)
_3747_/A0                               1.50    4.98   -3.48 (VIOLATED)
_3751_/A0                               1.50    4.98   -3.48 (VIOLATED)
_3754_/A0                               1.50    4.98   -3.48 (VIOLATED)
_3757_/A0                               1.50    4.98   -3.48 (VIOLATED)
_3760_/A0                               1.50    4.98   -3.48 (VIOLATED)
_3764_/A0                               1.50    4.98   -3.48 (VIOLATED)
_3768_/A0                               1.50    4.98   -3.48 (VIOLATED)
_3771_/A0                               1.50    4.98   -3.48 (VIOLATED)
_3774_/A0                               1.50    4.98   -3.48 (VIOLATED)
_3777_/A0                               1.50    4.98   -3.48 (VIOLATED)
_3782_/A0                               1.50    4.98   -3.48 (VIOLATED)
_3786_/A0                               1.50    4.98   -3.48 (VIOLATED)
_3789_/A0                               1.50    4.98   -3.48 (VIOLATED)
_3792_/A0                               1.50    4.98   -3.48 (VIOLATED)
_3795_/A0                               1.50    4.98   -3.48 (VIOLATED)
_3799_/A0                               1.50    4.98   -3.48 (VIOLATED)
_3803_/A0                               1.50    4.98   -3.48 (VIOLATED)
_3806_/A0                               1.50    4.98   -3.48 (VIOLATED)
_3809_/A0                               1.50    4.98   -3.48 (VIOLATED)
_3812_/A0                               1.50    4.98   -3.48 (VIOLATED)
_3816_/A0                               1.50    4.98   -3.48 (VIOLATED)
_3821_/A0                               1.50    4.98   -3.48 (VIOLATED)
_3824_/A0                               1.50    4.98   -3.48 (VIOLATED)
_3827_/A0                               1.50    4.98   -3.48 (VIOLATED)
_3830_/A0                               1.50    4.98   -3.48 (VIOLATED)
_3834_/A0                               1.50    4.98   -3.48 (VIOLATED)
_3838_/A0                               1.50    4.98   -3.48 (VIOLATED)
_3879_/A0                               1.50    4.98   -3.48 (VIOLATED)
_3882_/A0                               1.50    4.98   -3.48 (VIOLATED)
_3886_/A0                               1.50    4.98   -3.48 (VIOLATED)
_3890_/A0                               1.50    4.98   -3.48 (VIOLATED)
_3893_/A0                               1.50    4.98   -3.48 (VIOLATED)
_3896_/A0                               1.50    4.98   -3.48 (VIOLATED)
_3899_/A0                               1.50    4.98   -3.48 (VIOLATED)
_3903_/A0                               1.50    4.98   -3.48 (VIOLATED)
_3908_/A0                               1.50    4.98   -3.48 (VIOLATED)
_3911_/A0                               1.50    4.98   -3.48 (VIOLATED)
_3914_/A0                               1.50    4.98   -3.48 (VIOLATED)
_3917_/A0                               1.50    4.98   -3.48 (VIOLATED)
_3921_/A0                               1.50    4.98   -3.48 (VIOLATED)
_3925_/A0                               1.50    4.98   -3.48 (VIOLATED)
_3928_/A0                               1.50    4.98   -3.48 (VIOLATED)
_3931_/A0                               1.50    4.98   -3.48 (VIOLATED)
_3934_/A0                               1.50    4.98   -3.48 (VIOLATED)
_3938_/A0                               1.50    4.98   -3.48 (VIOLATED)
_3942_/A0                               1.50    4.98   -3.48 (VIOLATED)
_3945_/A0                               1.50    4.98   -3.48 (VIOLATED)
_3948_/A0                               1.50    4.98   -3.48 (VIOLATED)
_3951_/A0                               1.50    4.98   -3.48 (VIOLATED)
_3956_/A0                               1.50    4.98   -3.48 (VIOLATED)
_3960_/A0                               1.50    4.98   -3.48 (VIOLATED)
_3963_/A0                               1.50    4.98   -3.48 (VIOLATED)
_3966_/A0                               1.50    4.98   -3.48 (VIOLATED)
_3969_/A0                               1.50    4.98   -3.48 (VIOLATED)
_3973_/A0                               1.50    4.98   -3.48 (VIOLATED)
_3977_/A0                               1.50    4.98   -3.48 (VIOLATED)
_3980_/A0                               1.50    4.98   -3.48 (VIOLATED)
_3983_/A0                               1.50    4.98   -3.48 (VIOLATED)
_3986_/A0                               1.50    4.98   -3.48 (VIOLATED)
_3990_/A0                               1.50    4.98   -3.48 (VIOLATED)
_3995_/A0                               1.50    4.98   -3.48 (VIOLATED)
_4001_/A0                               1.50    4.98   -3.48 (VIOLATED)
_4004_/A0                               1.50    4.98   -3.48 (VIOLATED)
_4008_/A0                               1.50    4.98   -3.48 (VIOLATED)
_4012_/A0                               1.50    4.98   -3.48 (VIOLATED)
_4015_/A0                               1.50    4.98   -3.48 (VIOLATED)
_4018_/A0                               1.50    4.98   -3.48 (VIOLATED)
_4021_/A0                               1.50    4.98   -3.48 (VIOLATED)
_4025_/A0                               1.50    4.98   -3.48 (VIOLATED)
_4029_/A0                               1.50    4.98   -3.48 (VIOLATED)
_4032_/A0                               1.50    4.98   -3.48 (VIOLATED)
_4035_/A0                               1.50    4.98   -3.48 (VIOLATED)
_4038_/A0                               1.50    4.98   -3.48 (VIOLATED)
_4043_/A0                               1.50    4.98   -3.48 (VIOLATED)
_4047_/A0                               1.50    4.98   -3.48 (VIOLATED)
_4050_/A0                               1.50    4.98   -3.48 (VIOLATED)
_4053_/A0                               1.50    4.98   -3.48 (VIOLATED)
_4056_/A0                               1.50    4.98   -3.48 (VIOLATED)
_4060_/A0                               1.50    4.98   -3.48 (VIOLATED)
_4064_/A0                               1.50    4.98   -3.48 (VIOLATED)
_4067_/A0                               1.50    4.98   -3.48 (VIOLATED)
_4070_/A0                               1.50    4.98   -3.48 (VIOLATED)
_4073_/A0                               1.50    4.98   -3.48 (VIOLATED)
_4077_/A0                               1.50    4.98   -3.48 (VIOLATED)
_4082_/A0                               1.50    4.98   -3.48 (VIOLATED)
_4085_/A0                               1.50    4.98   -3.48 (VIOLATED)
_4088_/A0                               1.50    4.98   -3.48 (VIOLATED)
_4091_/A0                               1.50    4.98   -3.48 (VIOLATED)
_4095_/A0                               1.50    4.98   -3.48 (VIOLATED)
_4099_/A0                               1.50    4.98   -3.48 (VIOLATED)
_4102_/A0                               1.50    4.98   -3.48 (VIOLATED)
_4105_/A0                               1.50    4.98   -3.48 (VIOLATED)
_4108_/A0                               1.50    4.98   -3.48 (VIOLATED)
_4112_/A0                               1.50    4.98   -3.48 (VIOLATED)
_4116_/A0                               1.50    4.98   -3.48 (VIOLATED)
_4119_/A0                               1.50    4.98   -3.48 (VIOLATED)
_4122_/A0                               1.50    4.98   -3.48 (VIOLATED)
_4125_/A0                               1.50    4.98   -3.48 (VIOLATED)
_4130_/A0                               1.50    4.98   -3.48 (VIOLATED)
_4134_/A0                               1.50    4.98   -3.48 (VIOLATED)
_4137_/A0                               1.50    4.98   -3.48 (VIOLATED)
_4140_/A0                               1.50    4.98   -3.48 (VIOLATED)
_4143_/A0                               1.50    4.98   -3.48 (VIOLATED)
_4147_/A0                               1.50    4.98   -3.48 (VIOLATED)
_4151_/A0                               1.50    4.98   -3.48 (VIOLATED)
_4154_/A0                               1.50    4.98   -3.48 (VIOLATED)
_4157_/A0                               1.50    4.98   -3.48 (VIOLATED)
_4160_/A0                               1.50    4.98   -3.48 (VIOLATED)
_4164_/A0                               1.50    4.98   -3.48 (VIOLATED)
_7250_/Q                                1.50    4.98   -3.48 (VIOLATED)
_7251_/Q                                1.50    4.98   -3.48 (VIOLATED)
_7252_/Q                                1.50    4.98   -3.48 (VIOLATED)
_7253_/Q                                1.50    4.98   -3.48 (VIOLATED)
_7254_/Q                                1.50    4.98   -3.48 (VIOLATED)
_7255_/Q                                1.50    4.98   -3.48 (VIOLATED)
_7256_/Q                                1.50    4.98   -3.48 (VIOLATED)
_7257_/Q                                1.50    4.98   -3.48 (VIOLATED)
_7258_/Q                                1.50    4.98   -3.48 (VIOLATED)
_7259_/Q                                1.50    4.98   -3.48 (VIOLATED)
_7260_/Q                                1.50    4.98   -3.48 (VIOLATED)
_7261_/Q                                1.50    4.98   -3.48 (VIOLATED)
_7262_/Q                                1.50    4.98   -3.48 (VIOLATED)
_7263_/Q                                1.50    4.98   -3.48 (VIOLATED)
_7264_/Q                                1.50    4.98   -3.48 (VIOLATED)
_7265_/Q                                1.50    4.98   -3.48 (VIOLATED)
_7266_/Q                                1.50    4.98   -3.48 (VIOLATED)
_7267_/Q                                1.50    4.98   -3.48 (VIOLATED)
_7268_/Q                                1.50    4.98   -3.48 (VIOLATED)
_7269_/Q                                1.50    4.98   -3.48 (VIOLATED)
_7270_/Q                                1.50    4.98   -3.48 (VIOLATED)
_7271_/Q                                1.50    4.98   -3.48 (VIOLATED)
_7272_/Q                                1.50    4.98   -3.48 (VIOLATED)
_7273_/Q                                1.50    4.98   -3.48 (VIOLATED)
_7274_/Q                                1.50    4.98   -3.48 (VIOLATED)
_7275_/Q                                1.50    4.98   -3.48 (VIOLATED)
_7276_/Q                                1.50    4.98   -3.48 (VIOLATED)
_7277_/Q                                1.50    4.98   -3.48 (VIOLATED)
_7278_/Q                                1.50    4.98   -3.48 (VIOLATED)
_7279_/Q                                1.50    4.98   -3.48 (VIOLATED)
_7280_/Q                                1.50    4.98   -3.48 (VIOLATED)
_7281_/Q                                1.50    4.98   -3.48 (VIOLATED)
_7282_/Q                                1.50    4.98   -3.48 (VIOLATED)
_7283_/Q                                1.50    4.98   -3.48 (VIOLATED)
_7284_/Q                                1.50    4.98   -3.48 (VIOLATED)
_7285_/Q                                1.50    4.98   -3.48 (VIOLATED)
_7286_/Q                                1.50    4.98   -3.48 (VIOLATED)
_7287_/Q                                1.50    4.98   -3.48 (VIOLATED)
_7288_/Q                                1.50    4.98   -3.48 (VIOLATED)
_7289_/Q                                1.50    4.98   -3.48 (VIOLATED)
_7290_/Q                                1.50    4.98   -3.48 (VIOLATED)
_7291_/Q                                1.50    4.98   -3.48 (VIOLATED)
_7292_/Q                                1.50    4.98   -3.48 (VIOLATED)
_7293_/Q                                1.50    4.98   -3.48 (VIOLATED)
_7294_/Q                                1.50    4.98   -3.48 (VIOLATED)
_7295_/Q                                1.50    4.98   -3.48 (VIOLATED)
_7296_/Q                                1.50    4.98   -3.48 (VIOLATED)
_7297_/Q                                1.50    4.98   -3.48 (VIOLATED)
_7298_/Q                                1.50    4.98   -3.48 (VIOLATED)
_7299_/Q                                1.50    4.98   -3.48 (VIOLATED)
_7300_/Q                                1.50    4.98   -3.48 (VIOLATED)
_7301_/Q                                1.50    4.98   -3.48 (VIOLATED)
_7302_/Q                                1.50    4.98   -3.48 (VIOLATED)
_7303_/Q                                1.50    4.98   -3.48 (VIOLATED)
_7304_/Q                                1.50    4.98   -3.48 (VIOLATED)
_7305_/Q                                1.50    4.98   -3.48 (VIOLATED)
_7306_/Q                                1.50    4.98   -3.48 (VIOLATED)
_7307_/Q                                1.50    4.98   -3.48 (VIOLATED)
_7308_/Q                                1.50    4.98   -3.48 (VIOLATED)
_7309_/Q                                1.50    4.98   -3.48 (VIOLATED)
_7321_/Q                                1.50    4.98   -3.48 (VIOLATED)
_7322_/Q                                1.50    4.98   -3.48 (VIOLATED)
_7323_/Q                                1.50    4.98   -3.48 (VIOLATED)
_7324_/Q                                1.50    4.98   -3.48 (VIOLATED)
_7325_/Q                                1.50    4.98   -3.48 (VIOLATED)
_7326_/Q                                1.50    4.98   -3.48 (VIOLATED)
_7327_/Q                                1.50    4.98   -3.48 (VIOLATED)
_7328_/Q                                1.50    4.98   -3.48 (VIOLATED)
_7329_/Q                                1.50    4.98   -3.48 (VIOLATED)
_7330_/Q                                1.50    4.98   -3.48 (VIOLATED)
_7331_/Q                                1.50    4.98   -3.48 (VIOLATED)
_7332_/Q                                1.50    4.98   -3.48 (VIOLATED)
_7333_/Q                                1.50    4.98   -3.48 (VIOLATED)
_7334_/Q                                1.50    4.98   -3.48 (VIOLATED)
_7335_/Q                                1.50    4.98   -3.48 (VIOLATED)
_7336_/Q                                1.50    4.98   -3.48 (VIOLATED)
_7337_/Q                                1.50    4.98   -3.48 (VIOLATED)
_7338_/Q                                1.50    4.98   -3.48 (VIOLATED)
_7339_/Q                                1.50    4.98   -3.48 (VIOLATED)
_7340_/Q                                1.50    4.98   -3.48 (VIOLATED)
_7341_/Q                                1.50    4.98   -3.48 (VIOLATED)
_7342_/Q                                1.50    4.98   -3.48 (VIOLATED)
_7343_/Q                                1.50    4.98   -3.48 (VIOLATED)
_7344_/Q                                1.50    4.98   -3.48 (VIOLATED)
_7345_/Q                                1.50    4.98   -3.48 (VIOLATED)
_7346_/Q                                1.50    4.98   -3.48 (VIOLATED)
_7347_/Q                                1.50    4.98   -3.48 (VIOLATED)
_7348_/Q                                1.50    4.98   -3.48 (VIOLATED)
_7349_/Q                                1.50    4.98   -3.48 (VIOLATED)
_7350_/Q                                1.50    4.98   -3.48 (VIOLATED)
_7351_/Q                                1.50    4.98   -3.48 (VIOLATED)
_7352_/Q                                1.50    4.98   -3.48 (VIOLATED)
_7353_/Q                                1.50    4.98   -3.48 (VIOLATED)
_7354_/Q                                1.50    4.98   -3.48 (VIOLATED)
_7356_/Q                                1.50    4.98   -3.48 (VIOLATED)
_7357_/Q                                1.50    4.98   -3.48 (VIOLATED)
_7358_/Q                                1.50    4.98   -3.48 (VIOLATED)
_7359_/Q                                1.50    4.98   -3.48 (VIOLATED)
_7360_/Q                                1.50    4.98   -3.48 (VIOLATED)
_7361_/Q                                1.50    4.98   -3.48 (VIOLATED)
_7362_/Q                                1.50    4.98   -3.48 (VIOLATED)
_7363_/Q                                1.50    4.98   -3.48 (VIOLATED)
_7364_/Q                                1.50    4.98   -3.48 (VIOLATED)
_7365_/Q                                1.50    4.98   -3.48 (VIOLATED)
_7366_/Q                                1.50    4.98   -3.48 (VIOLATED)
_7367_/Q                                1.50    4.98   -3.48 (VIOLATED)
_7368_/Q                                1.50    4.98   -3.48 (VIOLATED)
_7369_/Q                                1.50    4.98   -3.48 (VIOLATED)
_7370_/Q                                1.50    4.98   -3.48 (VIOLATED)
_7371_/Q                                1.50    4.98   -3.48 (VIOLATED)
_7372_/Q                                1.50    4.98   -3.48 (VIOLATED)
_7373_/Q                                1.50    4.98   -3.48 (VIOLATED)
_7374_/Q                                1.50    4.98   -3.48 (VIOLATED)
_7375_/Q                                1.50    4.98   -3.48 (VIOLATED)
_7376_/Q                                1.50    4.98   -3.48 (VIOLATED)
_7377_/Q                                1.50    4.98   -3.48 (VIOLATED)
_7378_/Q                                1.50    4.98   -3.48 (VIOLATED)
_7379_/Q                                1.50    4.98   -3.48 (VIOLATED)
_7380_/Q                                1.50    4.98   -3.48 (VIOLATED)
_7381_/Q                                1.50    4.98   -3.48 (VIOLATED)
_7382_/Q                                1.50    4.98   -3.48 (VIOLATED)
_7383_/Q                                1.50    4.98   -3.48 (VIOLATED)
_7384_/Q                                1.50    4.98   -3.48 (VIOLATED)
_7385_/Q                                1.50    4.98   -3.48 (VIOLATED)
_7386_/Q                                1.50    4.98   -3.48 (VIOLATED)
_7387_/Q                                1.50    4.98   -3.48 (VIOLATED)
_7388_/Q                                1.50    4.98   -3.48 (VIOLATED)
_7389_/Q                                1.50    4.98   -3.48 (VIOLATED)
_7390_/Q                                1.50    4.98   -3.48 (VIOLATED)
_7391_/Q                                1.50    4.98   -3.48 (VIOLATED)
_7392_/Q                                1.50    4.98   -3.48 (VIOLATED)
_7393_/Q                                1.50    4.98   -3.48 (VIOLATED)
_7394_/Q                                1.50    4.98   -3.48 (VIOLATED)
_7395_/Q                                1.50    4.98   -3.48 (VIOLATED)
_7396_/Q                                1.50    4.98   -3.48 (VIOLATED)
_7397_/Q                                1.50    4.98   -3.48 (VIOLATED)
_7398_/Q                                1.50    4.98   -3.48 (VIOLATED)
_7399_/Q                                1.50    4.98   -3.48 (VIOLATED)
_7400_/Q                                1.50    4.98   -3.48 (VIOLATED)
_7401_/Q                                1.50    4.98   -3.48 (VIOLATED)
_7402_/Q                                1.50    4.98   -3.48 (VIOLATED)
_7403_/Q                                1.50    4.98   -3.48 (VIOLATED)

max capacitance

Pin                                    Limit     Cap   Slack
------------------------------------------------------------
_7320_/Q                                0.30    1.01   -0.70 (VIOLATED)
_7310_/Q                                0.30    1.00   -0.70 (VIOLATED)
_7311_/Q                                0.30    1.00   -0.70 (VIOLATED)
_7312_/Q                                0.30    1.00   -0.70 (VIOLATED)
_7313_/Q                                0.30    1.00   -0.70 (VIOLATED)
_7314_/Q                                0.30    1.00   -0.70 (VIOLATED)
_7315_/Q                                0.30    1.00   -0.70 (VIOLATED)
_7316_/Q                                0.30    1.00   -0.70 (VIOLATED)
_7317_/Q                                0.30    1.00   -0.70 (VIOLATED)
_7318_/Q                                0.30    1.00   -0.70 (VIOLATED)
_7319_/Q                                0.30    1.00   -0.70 (VIOLATED)
_7355_/Q                                0.30    1.00   -0.70 (VIOLATED)
_7250_/Q                                0.30    1.00   -0.70 (VIOLATED)
_7251_/Q                                0.30    1.00   -0.70 (VIOLATED)
_7252_/Q                                0.30    1.00   -0.70 (VIOLATED)
_7253_/Q                                0.30    1.00   -0.70 (VIOLATED)
_7254_/Q                                0.30    1.00   -0.70 (VIOLATED)
_7255_/Q                                0.30    1.00   -0.70 (VIOLATED)
_7256_/Q                                0.30    1.00   -0.70 (VIOLATED)
_7257_/Q                                0.30    1.00   -0.70 (VIOLATED)
_7258_/Q                                0.30    1.00   -0.70 (VIOLATED)
_7259_/Q                                0.30    1.00   -0.70 (VIOLATED)
_7260_/Q                                0.30    1.00   -0.70 (VIOLATED)
_7261_/Q                                0.30    1.00   -0.70 (VIOLATED)
_7262_/Q                                0.30    1.00   -0.70 (VIOLATED)
_7263_/Q                                0.30    1.00   -0.70 (VIOLATED)
_7264_/Q                                0.30    1.00   -0.70 (VIOLATED)
_7265_/Q                                0.30    1.00   -0.70 (VIOLATED)
_7266_/Q                                0.30    1.00   -0.70 (VIOLATED)
_7267_/Q                                0.30    1.00   -0.70 (VIOLATED)
_7268_/Q                                0.30    1.00   -0.70 (VIOLATED)
_7269_/Q                                0.30    1.00   -0.70 (VIOLATED)
_7270_/Q                                0.30    1.00   -0.70 (VIOLATED)
_7271_/Q                                0.30    1.00   -0.70 (VIOLATED)
_7272_/Q                                0.30    1.00   -0.70 (VIOLATED)
_7273_/Q                                0.30    1.00   -0.70 (VIOLATED)
_7274_/Q                                0.30    1.00   -0.70 (VIOLATED)
_7275_/Q                                0.30    1.00   -0.70 (VIOLATED)
_7276_/Q                                0.30    1.00   -0.70 (VIOLATED)
_7277_/Q                                0.30    1.00   -0.70 (VIOLATED)
_7278_/Q                                0.30    1.00   -0.70 (VIOLATED)
_7279_/Q                                0.30    1.00   -0.70 (VIOLATED)
_7280_/Q                                0.30    1.00   -0.70 (VIOLATED)
_7281_/Q                                0.30    1.00   -0.70 (VIOLATED)
_7282_/Q                                0.30    1.00   -0.70 (VIOLATED)
_7283_/Q                                0.30    1.00   -0.70 (VIOLATED)
_7284_/Q                                0.30    1.00   -0.70 (VIOLATED)
_7285_/Q                                0.30    1.00   -0.70 (VIOLATED)
_7286_/Q                                0.30    1.00   -0.70 (VIOLATED)
_7287_/Q                                0.30    1.00   -0.70 (VIOLATED)
_7288_/Q                                0.30    1.00   -0.70 (VIOLATED)
_7289_/Q                                0.30    1.00   -0.70 (VIOLATED)
_7290_/Q                                0.30    1.00   -0.70 (VIOLATED)
_7291_/Q                                0.30    1.00   -0.70 (VIOLATED)
_7292_/Q                                0.30    1.00   -0.70 (VIOLATED)
_7293_/Q                                0.30    1.00   -0.70 (VIOLATED)
_7294_/Q                                0.30    1.00   -0.70 (VIOLATED)
_7295_/Q                                0.30    1.00   -0.70 (VIOLATED)
_7296_/Q                                0.30    1.00   -0.70 (VIOLATED)
_7297_/Q                                0.30    1.00   -0.70 (VIOLATED)
_7298_/Q                                0.30    1.00   -0.70 (VIOLATED)
_7299_/Q                                0.30    1.00   -0.70 (VIOLATED)
_7300_/Q                                0.30    1.00   -0.70 (VIOLATED)
_7301_/Q                                0.30    1.00   -0.70 (VIOLATED)
_7302_/Q                                0.30    1.00   -0.70 (VIOLATED)
_7303_/Q                                0.30    1.00   -0.70 (VIOLATED)
_7304_/Q                                0.30    1.00   -0.70 (VIOLATED)
_7305_/Q                                0.30    1.00   -0.70 (VIOLATED)
_7306_/Q                                0.30    1.00   -0.70 (VIOLATED)
_7307_/Q                                0.30    1.00   -0.70 (VIOLATED)
_7308_/Q                                0.30    1.00   -0.70 (VIOLATED)
_7309_/Q                                0.30    1.00   -0.70 (VIOLATED)
_7321_/Q                                0.30    1.00   -0.70 (VIOLATED)
_7322_/Q                                0.30    1.00   -0.70 (VIOLATED)
_7323_/Q                                0.30    1.00   -0.70 (VIOLATED)
_7324_/Q                                0.30    1.00   -0.70 (VIOLATED)
_7325_/Q                                0.30    1.00   -0.70 (VIOLATED)
_7326_/Q                                0.30    1.00   -0.70 (VIOLATED)
_7327_/Q                                0.30    1.00   -0.70 (VIOLATED)
_7328_/Q                                0.30    1.00   -0.70 (VIOLATED)
_7329_/Q                                0.30    1.00   -0.70 (VIOLATED)
_7330_/Q                                0.30    1.00   -0.70 (VIOLATED)
_7331_/Q                                0.30    1.00   -0.70 (VIOLATED)
_7332_/Q                                0.30    1.00   -0.70 (VIOLATED)
_7333_/Q                                0.30    1.00   -0.70 (VIOLATED)
_7334_/Q                                0.30    1.00   -0.70 (VIOLATED)
_7335_/Q                                0.30    1.00   -0.70 (VIOLATED)
_7336_/Q                                0.30    1.00   -0.70 (VIOLATED)
_7337_/Q                                0.30    1.00   -0.70 (VIOLATED)
_7338_/Q                                0.30    1.00   -0.70 (VIOLATED)
_7339_/Q                                0.30    1.00   -0.70 (VIOLATED)
_7340_/Q                                0.30    1.00   -0.70 (VIOLATED)
_7341_/Q                                0.30    1.00   -0.70 (VIOLATED)
_7342_/Q                                0.30    1.00   -0.70 (VIOLATED)
_7343_/Q                                0.30    1.00   -0.70 (VIOLATED)
_7344_/Q                                0.30    1.00   -0.70 (VIOLATED)
_7345_/Q                                0.30    1.00   -0.70 (VIOLATED)
_7346_/Q                                0.30    1.00   -0.70 (VIOLATED)
_7347_/Q                                0.30    1.00   -0.70 (VIOLATED)
_7348_/Q                                0.30    1.00   -0.70 (VIOLATED)
_7349_/Q                                0.30    1.00   -0.70 (VIOLATED)
_7350_/Q                                0.30    1.00   -0.70 (VIOLATED)
_7351_/Q                                0.30    1.00   -0.70 (VIOLATED)
_7352_/Q                                0.30    1.00   -0.70 (VIOLATED)
_7353_/Q                                0.30    1.00   -0.70 (VIOLATED)
_7354_/Q                                0.30    1.00   -0.70 (VIOLATED)
_7356_/Q                                0.30    1.00   -0.70 (VIOLATED)
_7357_/Q                                0.30    1.00   -0.70 (VIOLATED)
_7358_/Q                                0.30    1.00   -0.70 (VIOLATED)
_7359_/Q                                0.30    1.00   -0.70 (VIOLATED)
_7360_/Q                                0.30    1.00   -0.70 (VIOLATED)
_7361_/Q                                0.30    1.00   -0.70 (VIOLATED)
_7362_/Q                                0.30    1.00   -0.70 (VIOLATED)
_7363_/Q                                0.30    1.00   -0.70 (VIOLATED)
_7364_/Q                                0.30    1.00   -0.70 (VIOLATED)
_7365_/Q                                0.30    1.00   -0.70 (VIOLATED)
_7366_/Q                                0.30    1.00   -0.70 (VIOLATED)
_7367_/Q                                0.30    1.00   -0.70 (VIOLATED)
_7368_/Q                                0.30    1.00   -0.70 (VIOLATED)
_7369_/Q                                0.30    1.00   -0.70 (VIOLATED)
_7370_/Q                                0.30    1.00   -0.70 (VIOLATED)
_7371_/Q                                0.30    1.00   -0.70 (VIOLATED)
_7372_/Q                                0.30    1.00   -0.70 (VIOLATED)
_7373_/Q                                0.30    1.00   -0.70 (VIOLATED)
_7374_/Q                                0.30    1.00   -0.70 (VIOLATED)
_7375_/Q                                0.30    1.00   -0.70 (VIOLATED)
_7376_/Q                                0.30    1.00   -0.70 (VIOLATED)
_7377_/Q                                0.30    1.00   -0.70 (VIOLATED)
_7378_/Q                                0.30    1.00   -0.70 (VIOLATED)
_7379_/Q                                0.30    1.00   -0.70 (VIOLATED)
_7380_/Q                                0.30    1.00   -0.70 (VIOLATED)
_7381_/Q                                0.30    1.00   -0.70 (VIOLATED)
_7382_/Q                                0.30    1.00   -0.70 (VIOLATED)
_7383_/Q                                0.30    1.00   -0.70 (VIOLATED)
_7384_/Q                                0.30    1.00   -0.70 (VIOLATED)
_7385_/Q                                0.30    1.00   -0.70 (VIOLATED)
_7386_/Q                                0.30    1.00   -0.70 (VIOLATED)
_7387_/Q                                0.30    1.00   -0.70 (VIOLATED)
_7388_/Q                                0.30    1.00   -0.70 (VIOLATED)
_7389_/Q                                0.30    1.00   -0.70 (VIOLATED)
_7390_/Q                                0.30    1.00   -0.70 (VIOLATED)
_7391_/Q                                0.30    1.00   -0.70 (VIOLATED)
_7392_/Q                                0.30    1.00   -0.70 (VIOLATED)
_7393_/Q                                0.30    1.00   -0.70 (VIOLATED)
_7394_/Q                                0.30    1.00   -0.70 (VIOLATED)
_7395_/Q                                0.30    1.00   -0.70 (VIOLATED)
_7396_/Q                                0.30    1.00   -0.70 (VIOLATED)
_7397_/Q                                0.30    1.00   -0.70 (VIOLATED)
_7398_/Q                                0.30    1.00   -0.70 (VIOLATED)
_7399_/Q                                0.30    1.00   -0.70 (VIOLATED)
_7400_/Q                                0.30    1.00   -0.70 (VIOLATED)
_7401_/Q                                0.30    1.00   -0.70 (VIOLATED)
_7402_/Q                                0.30    1.00   -0.70 (VIOLATED)
_7403_/Q                                0.30    1.00   -0.70 (VIOLATED)
_7405_/Q                                0.30    1.00   -0.70 (VIOLATED)
_7822_/X                                0.32    1.00   -0.68 (VIOLATED)
_7823_/X                                0.32    1.00   -0.68 (VIOLATED)
_7824_/X                                0.32    1.00   -0.68 (VIOLATED)
_7825_/X                                0.32    1.00   -0.68 (VIOLATED)
_7826_/X                                0.32    1.00   -0.68 (VIOLATED)
_7827_/X                                0.32    1.00   -0.68 (VIOLATED)
_7828_/X                                0.32    1.00   -0.68 (VIOLATED)
_7829_/X                                0.32    1.00   -0.68 (VIOLATED)
_7830_/X                                0.32    1.00   -0.68 (VIOLATED)
_7831_/X                                0.32    1.00   -0.68 (VIOLATED)
_7832_/X                                0.32    1.00   -0.68 (VIOLATED)
_7833_/X                                0.32    1.00   -0.68 (VIOLATED)
_7834_/X                                0.32    1.00   -0.68 (VIOLATED)
_7835_/X                                0.32    1.00   -0.68 (VIOLATED)


===========================================================================
max slew violation count 337
max fanout violation count 0
max cap violation count 169
============================================================================
