
===========================================================================
report_checks -path_delay min (Hold)
============================================================================
Startpoint: _7671_ (rising edge-triggered flip-flop clocked by CLK)
Endpoint: _7671_ (rising edge-triggered flip-flop clocked by CLK)
Path Group: CLK
Path Type: min

Fanout     Cap    Slew   Delay    Time   Description
-----------------------------------------------------------------------------
                          0.00    0.00   clock CLK (rise edge)
                          0.00    0.00   clock source latency
                  0.00    0.00    0.00 ^ CLK (in)
     1    0.03                           CLK (net)
                  0.01    0.00    0.00 ^ clkbuf_0_CLK/A (sky130_fd_sc_hd__clkbuf_16)
                  0.13    0.18    0.19 ^ clkbuf_0_CLK/X (sky130_fd_sc_hd__clkbuf_16)
     8    0.11                           clknet_0_CLK (net)
                  0.13    0.00    0.19 ^ clkbuf_3_7__f_CLK/A (sky130_fd_sc_hd__clkbuf_16)
                  0.10    0.20    0.39 ^ clkbuf_3_7__f_CLK/X (sky130_fd_sc_hd__clkbuf_16)
     8    0.08                           clknet_3_7__leaf_CLK (net)
                  0.10    0.00    0.40 ^ clkbuf_leaf_29_CLK/A (sky130_fd_sc_hd__clkbuf_16)
                  0.05    0.15    0.55 ^ clkbuf_leaf_29_CLK/X (sky130_fd_sc_hd__clkbuf_16)
     9    0.02                           clknet_leaf_29_CLK (net)
                  0.05    0.00    0.55 ^ _7671_/CLK (sky130_fd_sc_hd__dfxtp_1)
                  0.06    0.32    0.86 ^ _7671_/Q (sky130_fd_sc_hd__dfxtp_1)
     2    0.01                           link3.x_stage3_image_5[3] (net)
                  0.06    0.00    0.86 ^ _6548_/A2 (sky130_fd_sc_hd__o211a_1)
                  0.04    0.13    0.99 ^ _6548_/X (sky130_fd_sc_hd__o211a_1)
     1    0.00                           _0421_ (net)
                  0.04    0.00    0.99 ^ _7671_/D (sky130_fd_sc_hd__dfxtp_1)
                                  0.99   data arrival time

                          0.00    0.00   clock CLK (rise edge)
                          0.00    0.00   clock source latency
                  0.00    0.00    0.00 ^ CLK (in)
     1    0.03                           CLK (net)
                  0.01    0.00    0.00 ^ clkbuf_0_CLK/A (sky130_fd_sc_hd__clkbuf_16)
                  0.13    0.18    0.19 ^ clkbuf_0_CLK/X (sky130_fd_sc_hd__clkbuf_16)
     8    0.11                           clknet_0_CLK (net)
                  0.13    0.00    0.19 ^ clkbuf_3_7__f_CLK/A (sky130_fd_sc_hd__clkbuf_16)
                  0.10    0.20    0.39 ^ clkbuf_3_7__f_CLK/X (sky130_fd_sc_hd__clkbuf_16)
     8    0.08                           clknet_3_7__leaf_CLK (net)
                  0.10    0.00    0.40 ^ clkbuf_leaf_29_CLK/A (sky130_fd_sc_hd__clkbuf_16)
                  0.05    0.15    0.55 ^ clkbuf_leaf_29_CLK/X (sky130_fd_sc_hd__clkbuf_16)
     9    0.02                           clknet_leaf_29_CLK (net)
                  0.05    0.00    0.55 ^ _7671_/CLK (sky130_fd_sc_hd__dfxtp_1)
                          0.20    0.75   clock uncertainty
                          0.00    0.75   clock reconvergence pessimism
                         -0.03    0.72   library hold time
                                  0.72   data required time
-----------------------------------------------------------------------------
                                  0.72   data required time
                                 -0.99   data arrival time
-----------------------------------------------------------------------------
                                  0.27   slack (MET)


Startpoint: _7760_ (rising edge-triggered flip-flop clocked by CLK)
Endpoint: _7760_ (rising edge-triggered flip-flop clocked by CLK)
Path Group: CLK
Path Type: min

Fanout     Cap    Slew   Delay    Time   Description
-----------------------------------------------------------------------------
                          0.00    0.00   clock CLK (rise edge)
                          0.00    0.00   clock source latency
                  0.00    0.00    0.00 ^ CLK (in)
     1    0.03                           CLK (net)
                  0.01    0.00    0.00 ^ clkbuf_0_CLK/A (sky130_fd_sc_hd__clkbuf_16)
                  0.13    0.18    0.19 ^ clkbuf_0_CLK/X (sky130_fd_sc_hd__clkbuf_16)
     8    0.11                           clknet_0_CLK (net)
                  0.13    0.00    0.19 ^ clkbuf_3_3__f_CLK/A (sky130_fd_sc_hd__clkbuf_16)
                  0.10    0.21    0.39 ^ clkbuf_3_3__f_CLK/X (sky130_fd_sc_hd__clkbuf_16)
     8    0.09                           clknet_3_3__leaf_CLK (net)
                  0.10    0.00    0.39 ^ clkbuf_leaf_18_CLK/A (sky130_fd_sc_hd__clkbuf_16)
                  0.05    0.16    0.55 ^ clkbuf_leaf_18_CLK/X (sky130_fd_sc_hd__clkbuf_16)
    11    0.03                           clknet_leaf_18_CLK (net)
                  0.05    0.00    0.55 ^ _7760_/CLK (sky130_fd_sc_hd__dfxtp_1)
                  0.06    0.32    0.87 ^ _7760_/Q (sky130_fd_sc_hd__dfxtp_1)
     2    0.01                           link3.x_stage3_real_5[9] (net)
                  0.06    0.00    0.87 ^ _7092_/A2 (sky130_fd_sc_hd__o211a_1)
                  0.04    0.13    0.99 ^ _7092_/X (sky130_fd_sc_hd__o211a_1)
     1    0.00                           _0510_ (net)
                  0.04    0.00    0.99 ^ _7760_/D (sky130_fd_sc_hd__dfxtp_1)
                                  0.99   data arrival time

                          0.00    0.00   clock CLK (rise edge)
                          0.00    0.00   clock source latency
                  0.00    0.00    0.00 ^ CLK (in)
     1    0.03                           CLK (net)
                  0.01    0.00    0.00 ^ clkbuf_0_CLK/A (sky130_fd_sc_hd__clkbuf_16)
                  0.13    0.18    0.19 ^ clkbuf_0_CLK/X (sky130_fd_sc_hd__clkbuf_16)
     8    0.11                           clknet_0_CLK (net)
                  0.13    0.00    0.19 ^ clkbuf_3_3__f_CLK/A (sky130_fd_sc_hd__clkbuf_16)
                  0.10    0.21    0.39 ^ clkbuf_3_3__f_CLK/X (sky130_fd_sc_hd__clkbuf_16)
     8    0.09                           clknet_3_3__leaf_CLK (net)
                  0.10    0.00    0.39 ^ clkbuf_leaf_18_CLK/A (sky130_fd_sc_hd__clkbuf_16)
                  0.05    0.16    0.55 ^ clkbuf_leaf_18_CLK/X (sky130_fd_sc_hd__clkbuf_16)
    11    0.03                           clknet_leaf_18_CLK (net)
                  0.05    0.00    0.55 ^ _7760_/CLK (sky130_fd_sc_hd__dfxtp_1)
                          0.20    0.75   clock uncertainty
                          0.00    0.75   clock reconvergence pessimism
                         -0.03    0.72   library hold time
                                  0.72   data required time
-----------------------------------------------------------------------------
                                  0.72   data required time
                                 -0.99   data arrival time
-----------------------------------------------------------------------------
                                  0.27   slack (MET)


Startpoint: _7668_ (rising edge-triggered flip-flop clocked by CLK)
Endpoint: _7668_ (rising edge-triggered flip-flop clocked by CLK)
Path Group: CLK
Path Type: min

Fanout     Cap    Slew   Delay    Time   Description
-----------------------------------------------------------------------------
                          0.00    0.00   clock CLK (rise edge)
                          0.00    0.00   clock source latency
                  0.00    0.00    0.00 ^ CLK (in)
     1    0.03                           CLK (net)
                  0.01    0.00    0.00 ^ clkbuf_0_CLK/A (sky130_fd_sc_hd__clkbuf_16)
                  0.13    0.18    0.19 ^ clkbuf_0_CLK/X (sky130_fd_sc_hd__clkbuf_16)
     8    0.11                           clknet_0_CLK (net)
                  0.13    0.00    0.19 ^ clkbuf_3_7__f_CLK/A (sky130_fd_sc_hd__clkbuf_16)
                  0.10    0.20    0.39 ^ clkbuf_3_7__f_CLK/X (sky130_fd_sc_hd__clkbuf_16)
     8    0.08                           clknet_3_7__leaf_CLK (net)
                  0.10    0.00    0.40 ^ clkbuf_leaf_31_CLK/A (sky130_fd_sc_hd__clkbuf_16)
                  0.05    0.15    0.55 ^ clkbuf_leaf_31_CLK/X (sky130_fd_sc_hd__clkbuf_16)
     9    0.03                           clknet_leaf_31_CLK (net)
                  0.05    0.00    0.55 ^ _7668_/CLK (sky130_fd_sc_hd__dfxtp_1)
                  0.06    0.32    0.86 ^ _7668_/Q (sky130_fd_sc_hd__dfxtp_1)
     2    0.01                           link3.x_stage3_image_5[0] (net)
                  0.06    0.00    0.86 ^ _6523_/A2 (sky130_fd_sc_hd__o211a_1)
                  0.04    0.13    0.99 ^ _6523_/X (sky130_fd_sc_hd__o211a_1)
     1    0.00                           _0418_ (net)
                  0.04    0.00    0.99 ^ _7668_/D (sky130_fd_sc_hd__dfxtp_1)
                                  0.99   data arrival time

                          0.00    0.00   clock CLK (rise edge)
                          0.00    0.00   clock source latency
                  0.00    0.00    0.00 ^ CLK (in)
     1    0.03                           CLK (net)
                  0.01    0.00    0.00 ^ clkbuf_0_CLK/A (sky130_fd_sc_hd__clkbuf_16)
                  0.13    0.18    0.19 ^ clkbuf_0_CLK/X (sky130_fd_sc_hd__clkbuf_16)
     8    0.11                           clknet_0_CLK (net)
                  0.13    0.00    0.19 ^ clkbuf_3_7__f_CLK/A (sky130_fd_sc_hd__clkbuf_16)
                  0.10    0.20    0.39 ^ clkbuf_3_7__f_CLK/X (sky130_fd_sc_hd__clkbuf_16)
     8    0.08                           clknet_3_7__leaf_CLK (net)
                  0.10    0.00    0.40 ^ clkbuf_leaf_31_CLK/A (sky130_fd_sc_hd__clkbuf_16)
                  0.05    0.15    0.55 ^ clkbuf_leaf_31_CLK/X (sky130_fd_sc_hd__clkbuf_16)
     9    0.03                           clknet_leaf_31_CLK (net)
                  0.05    0.00    0.55 ^ _7668_/CLK (sky130_fd_sc_hd__dfxtp_1)
                          0.20    0.75   clock uncertainty
                          0.00    0.75   clock reconvergence pessimism
                         -0.03    0.72   library hold time
                                  0.72   data required time
-----------------------------------------------------------------------------
                                  0.72   data required time
                                 -0.99   data arrival time
-----------------------------------------------------------------------------
                                  0.27   slack (MET)


Startpoint: _7771_ (rising edge-triggered flip-flop clocked by CLK)
Endpoint: _7771_ (rising edge-triggered flip-flop clocked by CLK)
Path Group: CLK
Path Type: min

Fanout     Cap    Slew   Delay    Time   Description
-----------------------------------------------------------------------------
                          0.00    0.00   clock CLK (rise edge)
                          0.00    0.00   clock source latency
                  0.00    0.00    0.00 ^ CLK (in)
     1    0.03                           CLK (net)
                  0.01    0.00    0.00 ^ clkbuf_0_CLK/A (sky130_fd_sc_hd__clkbuf_16)
                  0.13    0.18    0.19 ^ clkbuf_0_CLK/X (sky130_fd_sc_hd__clkbuf_16)
     8    0.11                           clknet_0_CLK (net)
                  0.13    0.00    0.19 ^ clkbuf_3_2__f_CLK/A (sky130_fd_sc_hd__clkbuf_16)
                  0.11    0.21    0.40 ^ clkbuf_3_2__f_CLK/X (sky130_fd_sc_hd__clkbuf_16)
     9    0.09                           clknet_3_2__leaf_CLK (net)
                  0.11    0.00    0.40 ^ clkbuf_leaf_16_CLK/A (sky130_fd_sc_hd__clkbuf_16)
                  0.04    0.15    0.55 ^ clkbuf_leaf_16_CLK/X (sky130_fd_sc_hd__clkbuf_16)
     6    0.02                           clknet_leaf_16_CLK (net)
                  0.04    0.00    0.55 ^ _7771_/CLK (sky130_fd_sc_hd__dfxtp_1)
                  0.07    0.32    0.86 ^ _7771_/Q (sky130_fd_sc_hd__dfxtp_1)
     2    0.01                           link3.x_stage3_real_4[8] (net)
                  0.07    0.00    0.86 ^ _7146_/A2 (sky130_fd_sc_hd__o211a_1)
                  0.04    0.13    0.99 ^ _7146_/X (sky130_fd_sc_hd__o211a_1)
     1    0.00                           _0521_ (net)
                  0.04    0.00    0.99 ^ _7771_/D (sky130_fd_sc_hd__dfxtp_1)
                                  0.99   data arrival time

                          0.00    0.00   clock CLK (rise edge)
                          0.00    0.00   clock source latency
                  0.00    0.00    0.00 ^ CLK (in)
     1    0.03                           CLK (net)
                  0.01    0.00    0.00 ^ clkbuf_0_CLK/A (sky130_fd_sc_hd__clkbuf_16)
                  0.13    0.18    0.19 ^ clkbuf_0_CLK/X (sky130_fd_sc_hd__clkbuf_16)
     8    0.11                           clknet_0_CLK (net)
                  0.13    0.00    0.19 ^ clkbuf_3_2__f_CLK/A (sky130_fd_sc_hd__clkbuf_16)
                  0.11    0.21    0.40 ^ clkbuf_3_2__f_CLK/X (sky130_fd_sc_hd__clkbuf_16)
     9    0.09                           clknet_3_2__leaf_CLK (net)
                  0.11    0.00    0.40 ^ clkbuf_leaf_16_CLK/A (sky130_fd_sc_hd__clkbuf_16)
                  0.04    0.15    0.55 ^ clkbuf_leaf_16_CLK/X (sky130_fd_sc_hd__clkbuf_16)
     6    0.02                           clknet_leaf_16_CLK (net)
                  0.04    0.00    0.55 ^ _7771_/CLK (sky130_fd_sc_hd__dfxtp_1)
                          0.20    0.75   clock uncertainty
                          0.00    0.75   clock reconvergence pessimism
                         -0.03    0.72   library hold time
                                  0.72   data required time
-----------------------------------------------------------------------------
                                  0.72   data required time
                                 -0.99   data arrival time
-----------------------------------------------------------------------------
                                  0.27   slack (MET)


Startpoint: _7741_ (rising edge-triggered flip-flop clocked by CLK)
Endpoint: _7741_ (rising edge-triggered flip-flop clocked by CLK)
Path Group: CLK
Path Type: min

Fanout     Cap    Slew   Delay    Time   Description
-----------------------------------------------------------------------------
                          0.00    0.00   clock CLK (rise edge)
                          0.00    0.00   clock source latency
                  0.00    0.00    0.00 ^ CLK (in)
     1    0.03                           CLK (net)
                  0.01    0.00    0.00 ^ clkbuf_0_CLK/A (sky130_fd_sc_hd__clkbuf_16)
                  0.13    0.18    0.19 ^ clkbuf_0_CLK/X (sky130_fd_sc_hd__clkbuf_16)
     8    0.11                           clknet_0_CLK (net)
                  0.13    0.00    0.19 ^ clkbuf_3_2__f_CLK/A (sky130_fd_sc_hd__clkbuf_16)
                  0.11    0.21    0.40 ^ clkbuf_3_2__f_CLK/X (sky130_fd_sc_hd__clkbuf_16)
     9    0.09                           clknet_3_2__leaf_CLK (net)
                  0.11    0.00    0.40 ^ clkbuf_leaf_12_CLK/A (sky130_fd_sc_hd__clkbuf_16)
                  0.05    0.16    0.56 ^ clkbuf_leaf_12_CLK/X (sky130_fd_sc_hd__clkbuf_16)
    13    0.03                           clknet_leaf_12_CLK (net)
                  0.05    0.00    0.56 ^ _7741_/CLK (sky130_fd_sc_hd__dfxtp_1)
                  0.06    0.32    0.88 ^ _7741_/Q (sky130_fd_sc_hd__dfxtp_1)
     2    0.01                           link3.x_stage3_real_6[2] (net)
                  0.06    0.00    0.88 ^ _6967_/A2 (sky130_fd_sc_hd__o211a_1)
                  0.04    0.12    1.01 ^ _6967_/X (sky130_fd_sc_hd__o211a_1)
     1    0.00                           _0491_ (net)
                  0.04    0.00    1.01 ^ _7741_/D (sky130_fd_sc_hd__dfxtp_1)
                                  1.01   data arrival time

                          0.00    0.00   clock CLK (rise edge)
                          0.00    0.00   clock source latency
                  0.00    0.00    0.00 ^ CLK (in)
     1    0.03                           CLK (net)
                  0.01    0.00    0.00 ^ clkbuf_0_CLK/A (sky130_fd_sc_hd__clkbuf_16)
                  0.13    0.18    0.19 ^ clkbuf_0_CLK/X (sky130_fd_sc_hd__clkbuf_16)
     8    0.11                           clknet_0_CLK (net)
                  0.13    0.00    0.19 ^ clkbuf_3_2__f_CLK/A (sky130_fd_sc_hd__clkbuf_16)
                  0.11    0.21    0.40 ^ clkbuf_3_2__f_CLK/X (sky130_fd_sc_hd__clkbuf_16)
     9    0.09                           clknet_3_2__leaf_CLK (net)
                  0.11    0.00    0.40 ^ clkbuf_leaf_12_CLK/A (sky130_fd_sc_hd__clkbuf_16)
                  0.05    0.16    0.56 ^ clkbuf_leaf_12_CLK/X (sky130_fd_sc_hd__clkbuf_16)
    13    0.03                           clknet_leaf_12_CLK (net)
                  0.05    0.00    0.56 ^ _7741_/CLK (sky130_fd_sc_hd__dfxtp_1)
                          0.20    0.76   clock uncertainty
                          0.00    0.76   clock reconvergence pessimism
                         -0.03    0.73   library hold time
                                  0.73   data required time
-----------------------------------------------------------------------------
                                  0.73   data required time
                                 -1.01   data arrival time
-----------------------------------------------------------------------------
                                  0.27   slack (MET)


